Starting test: src\test\resources\integration_tests\groovy|BasicIntegrationTest.groovy|testHTTP
Starting test: src\test\resources\integration_tests\groovy|ModuleIntegrationTest.groovy|testSomething
